// 重构日志: e3416db2
// 重构日志: a15d72b1
// 重构日志: fc7478b2
// 重构日志: de711539
// 重构日志: 5a762fee
// 同步 ID: e97de079 @ Mon Jul 27 16:19:26 UTC 2026
// 同步 ID: bd8fe281 @ Tue Jul 28 21:28:00 UTC 2026
// 重构日志: 897b9b4a
// 重构日志: 608d4ca5
// 同步 ID: 4944c1df @ Fri Jul 31 01:29:59 UTC 2026
// 同步 ID: b205db68 @ Fri Jul 31 12:03:32 UTC 2026
// 重构日志: 68ec23a4
// 重构日志: 72677d58
// 重构日志: 3b66ad3c
// 重构日志: 51dfbc6f
// 重构日志: 29cd9214
// 重构日志: 3b0e0a9f
// 重构日志: 5fbbed22
// 重构日志: c2f15dd0
// 同步 ID: e12b969c @ Mon Aug  3 05:45:43 UTC 2026
// 同步 ID: 2be5cc18 @ Mon Aug  3 09:00:15 UTC 2026
// 重构日志: f7e7b943
// 重构日志: 0f45831a
// 重构日志: a7baaaf1
// 重构日志: 729a74fe
// 重构日志: 58a6bb88
// 重构日志: 2ff77952
// 重构日志: 35d0e649
// 同步 ID: 59c68b43 @ Fri Aug  7 06:21:28 UTC 2026
// 同步 ID: 027c9dc1 @ Fri Aug  7 08:28:35 UTC 2026
// 重构日志: 9c770ddc
